// Jest Snapshot v1, https://goo.gl/fbAQLP

exports[`should not sign up a user already registered 1`] = `
Object {
  "message": "User already registered",
  "status": "ERROR",
  "user": null,
}
`;

exports[`should sign up a new user 1`] = `
Object {
  "message": "User successfully created",
}
`;
