// Jest Snapshot v1, https://goo.gl/fbAQLP

exports[`should get api version correctly 1`] = `
Object {
  "message": "1.0.0",
  "status": "OK",
}
`;
